<html>
<body>
<pre>
<h1>µVision Build Log</h1>
<h2>Tool Versions:</h2>
IDE-Version: µVision V5.32.0.0
Copyright (C) 2020 ARM Ltd and ARM Germany GmbH. All rights reserved.
License Information: samet Öðüten, AGU, LIC=----
 
Tool Versions:
Toolchain:       MDK-Lite  Version: 5.32.0.0
Toolchain Path:  C:\Keil_v5\ARM\ARMCC\Bin
C Compiler:      Armcc.exe V5.06 update 7 (build 960)
Assembler:       Armasm.exe V5.06 update 7 (build 960)
Linker/Locator:  ArmLink.exe V5.06 update 7 (build 960)
Library Manager: ArmAr.exe V5.06 update 7 (build 960)
Hex Converter:   FromElf.exe V5.06 update 7 (build 960)
CPU DLL:         SARMCM3.DLL V5.32.0.0
Dialog DLL:      DCM.DLL V1.17.3.0
Target DLL:      STLink\ST-LINKIII-KEIL_SWO.dll V3.0.8.0
Dialog DLL:      TCM.DLL V1.46.0.0
 
<h2>Project:</h2>
C:\Users\ogute\OneDrive\Belgeler\Drone\Kodlar\GitHub\STM32-Line-Follower-with-PID\LineFollower\MDK-ARM\LineFollower.uvprojx
Project File Date:  01/13/2021

<h2>Output:</h2>
*** Using Compiler 'V5.06 update 7 (build 960)', folder: 'C:\Keil_v5\ARM\ARMCC\Bin'
Build target 'LineFollower'
compiling main.c...
../Core/Src/main.c(151): warning:  #188-D: enumerated type mixed with another type
  	HAL_GPIO_WritePin(LEDON_GPIO_Port, LEDON_Pin, 1);
../Core/Src/main.c(162): warning:  #188-D: enumerated type mixed with another type
  	HAL_GPIO_WritePin (SENSOR1_GPIO_Port, SENSOR1_Pin, 1);
../Core/Src/main.c(163): warning:  #188-D: enumerated type mixed with another type
  	HAL_GPIO_WritePin (SENSOR2_GPIO_Port, SENSOR2_Pin, 1);
../Core/Src/main.c(164): warning:  #188-D: enumerated type mixed with another type
  	HAL_GPIO_WritePin (SENSOR3_GPIO_Port, SENSOR3_Pin, 1);
../Core/Src/main.c(165): warning:  #188-D: enumerated type mixed with another type
  	HAL_GPIO_WritePin (SENSOR4_GPIO_Port, SENSOR4_Pin, 1);
../Core/Src/main.c(166): warning:  #188-D: enumerated type mixed with another type
  	HAL_GPIO_WritePin (SENSOR5_GPIO_Port, SENSOR5_Pin, 1);
../Core/Src/main.c(167): warning:  #188-D: enumerated type mixed with another type
  	HAL_GPIO_WritePin (SENSOR6_GPIO_Port, SENSOR6_Pin, 1);
../Core/Src/main.c(168): warning:  #188-D: enumerated type mixed with another type
  	HAL_GPIO_WritePin (SENSOR7_GPIO_Port, SENSOR7_Pin, 1);
../Core/Src/main.c(169): warning:  #188-D: enumerated type mixed with another type
  	HAL_GPIO_WritePin (SENSOR8_GPIO_Port, SENSOR8_Pin, 1);
../Core/Src/main.c(232): warning:  #188-D: enumerated type mixed with another type
    HAL_GPIO_WritePin(LEDON_GPIO_Port, LEDON_Pin, 0);
../Core/Src/main.c: 10 warnings, 0 errors
linking...
Program Size: Code=7000 RO-data=284 RW-data=72 ZI-data=1280  
FromELF: creating hex file...
"LineFollower\LineFollower.axf" - 0 Error(s), 10 Warning(s).

<h2>Software Packages used:</h2>

Package Vendor: ARM
                http://www.keil.com/pack/ARM.CMSIS.5.7.0.pack
                ARM.CMSIS.5.7.0
                CMSIS (Cortex Microcontroller Software Interface Standard)
   * Component: CORE Version: 5.4.0

Package Vendor: Keil
                http://www.keil.com/pack/Keil.STM32F1xx_DFP.2.3.0.pack
                Keil.STM32F1xx_DFP.2.3.0
                STMicroelectronics STM32F1 Series Device Support, Drivers and Examples

<h2>Collection of Component include folders:</h2>
  .\RTE\_LineFollower
  C:\Users\ogute\AppData\Local\Arm\Packs\ARM\CMSIS\5.7.0\CMSIS\Core\Include
  C:\Users\ogute\AppData\Local\Arm\Packs\Keil\STM32F1xx_DFP\2.3.0\Device\Include

<h2>Collection of Component Files used:</h2>

   * Component: ARM::CMSIS:CORE:5.4.0
Build Time Elapsed:  00:00:03
</pre>
</body>
</html>
